fold 0
Model: "functional"
┏━━━━━━━━━━━━━━━━━━━━━━━━━━━━━━━━━┳━━━━━━━━━━━━━━━━━━━━━━━━┳━━━━━━━━━━━━━━━┓
┃ Layer (type)                    ┃ Output Shape           ┃       Param # ┃
┡━━━━━━━━━━━━━━━━━━━━━━━━━━━━━━━━━╇━━━━━━━━━━━━━━━━━━━━━━━━╇━━━━━━━━━━━━━━━┩
│ input_layer (InputLayer)        │ (None, 150, 6, 3)      │             0 │
├─────────────────────────────────┼────────────────────────┼───────────────┤
│ conv2d (Conv2D)                 │ (None, 146, 1, 64)     │         5,824 │
├─────────────────────────────────┼────────────────────────┼───────────────┤
│ lambda (Lambda)                 │ (None, 146, 64)        │             0 │
├─────────────────────────────────┼────────────────────────┼───────────────┤
│ lstm (LSTM)                     │ [(None, 146, 64),      │        33,024 │
│                                 │ (None, 64), (None,     │               │
│                                 │ 64)]                   │               │
├─────────────────────────────────┼────────────────────────┼───────────────┤
│ self_attention (SelfAttention)  │ [(None, 1024), (None,  │         2,560 │
│                                 │ 16, 146)]              │               │
├─────────────────────────────────┼────────────────────────┼───────────────┤
│ dense (Dense)                   │ (None, 2)              │         2,050 │
└─────────────────────────────────┴────────────────────────┴───────────────┘
 Total params: 43,458 (169.76 KB)
 Trainable params: 43,458 (169.76 KB)
 Non-trainable params: 0 (0.00 B)
******Evaluating TEST set*********
33/33 - 1s - 25ms/step
              precision    recall  f1-score   support

           0       0.90      0.86      0.88       403
           1       0.91      0.94      0.93       635

    accuracy                           0.91      1038
   macro avg       0.91      0.90      0.90      1038
weighted avg       0.91      0.91      0.91      1038

******Evaluating RANDOM Model*********
              precision    recall  f1-score   support

           0       0.35      0.45      0.39       403
           1       0.58      0.48      0.52       635

    accuracy                           0.47      1038
   macro avg       0.46      0.46      0.46      1038
weighted avg       0.49      0.47      0.47      1038

______________________________________________________
fold 1
Model: "functional_1"
┏━━━━━━━━━━━━━━━━━━━━━━━━━━━━━━━━━┳━━━━━━━━━━━━━━━━━━━━━━━━┳━━━━━━━━━━━━━━━┓
┃ Layer (type)                    ┃ Output Shape           ┃       Param # ┃
┡━━━━━━━━━━━━━━━━━━━━━━━━━━━━━━━━━╇━━━━━━━━━━━━━━━━━━━━━━━━╇━━━━━━━━━━━━━━━┩
│ input_layer_1 (InputLayer)      │ (None, 150, 6, 3)      │             0 │
├─────────────────────────────────┼────────────────────────┼───────────────┤
│ conv2d_1 (Conv2D)               │ (None, 146, 1, 64)     │         5,824 │
├─────────────────────────────────┼────────────────────────┼───────────────┤
│ lambda_1 (Lambda)               │ (None, 146, 64)        │             0 │
├─────────────────────────────────┼────────────────────────┼───────────────┤
│ lstm (LSTM)                     │ [(None, 146, 64),      │        33,024 │
│                                 │ (None, 64), (None,     │               │
│                                 │ 64)]                   │               │
├─────────────────────────────────┼────────────────────────┼───────────────┤
│ self_attention_1                │ [(None, 1024), (None,  │         2,560 │
│ (SelfAttention)                 │ 16, 146)]              │               │
├─────────────────────────────────┼────────────────────────┼───────────────┤
│ dense_1 (Dense)                 │ (None, 2)              │         2,050 │
└─────────────────────────────────┴────────────────────────┴───────────────┘
 Total params: 43,458 (169.76 KB)
 Trainable params: 43,458 (169.76 KB)
 Non-trainable params: 0 (0.00 B)
******Evaluating TEST set*********
33/33 - 1s - 24ms/step
              precision    recall  f1-score   support

           0       0.89      0.81      0.84       403
           1       0.88      0.93      0.91       635

    accuracy                           0.88      1038
   macro avg       0.88      0.87      0.88      1038
weighted avg       0.88      0.88      0.88      1038

******Evaluating RANDOM Model*********
              precision    recall  f1-score   support

           0       0.38      0.51      0.43       403
           1       0.60      0.46      0.52       635

    accuracy                           0.48      1038
   macro avg       0.49      0.49      0.48      1038
weighted avg       0.51      0.48      0.49      1038

______________________________________________________
fold 2
Model: "functional_2"
┏━━━━━━━━━━━━━━━━━━━━━━━━━━━━━━━━━┳━━━━━━━━━━━━━━━━━━━━━━━━┳━━━━━━━━━━━━━━━┓
┃ Layer (type)                    ┃ Output Shape           ┃       Param # ┃
┡━━━━━━━━━━━━━━━━━━━━━━━━━━━━━━━━━╇━━━━━━━━━━━━━━━━━━━━━━━━╇━━━━━━━━━━━━━━━┩
│ input_layer_2 (InputLayer)      │ (None, 150, 6, 3)      │             0 │
├─────────────────────────────────┼────────────────────────┼───────────────┤
│ conv2d_2 (Conv2D)               │ (None, 146, 1, 64)     │         5,824 │
├─────────────────────────────────┼────────────────────────┼───────────────┤
│ lambda_2 (Lambda)               │ (None, 146, 64)        │             0 │
├─────────────────────────────────┼────────────────────────┼───────────────┤
│ lstm (LSTM)                     │ [(None, 146, 64),      │        33,024 │
│                                 │ (None, 64), (None,     │               │
│                                 │ 64)]                   │               │
├─────────────────────────────────┼────────────────────────┼───────────────┤
│ self_attention_2                │ [(None, 1024), (None,  │         2,560 │
│ (SelfAttention)                 │ 16, 146)]              │               │
├─────────────────────────────────┼────────────────────────┼───────────────┤
│ dense_2 (Dense)                 │ (None, 2)              │         2,050 │
└─────────────────────────────────┴────────────────────────┴───────────────┘
 Total params: 43,458 (169.76 KB)
 Trainable params: 43,458 (169.76 KB)
 Non-trainable params: 0 (0.00 B)
******Evaluating TEST set*********
33/33 - 1s - 23ms/step
              precision    recall  f1-score   support

           0       0.92      0.84      0.88       403
           1       0.91      0.95      0.93       635

    accuracy                           0.91      1038
   macro avg       0.91      0.90      0.91      1038
weighted avg       0.91      0.91      0.91      1038

******Evaluating RANDOM Model*********
              precision    recall  f1-score   support

           0       0.38      0.48      0.42       403
           1       0.60      0.49      0.54       635

    accuracy                           0.49      1038
   macro avg       0.49      0.49      0.48      1038
weighted avg       0.51      0.49      0.49      1038

______________________________________________________
fold 3
Model: "functional_3"
┏━━━━━━━━━━━━━━━━━━━━━━━━━━━━━━━━━┳━━━━━━━━━━━━━━━━━━━━━━━━┳━━━━━━━━━━━━━━━┓
┃ Layer (type)                    ┃ Output Shape           ┃       Param # ┃
┡━━━━━━━━━━━━━━━━━━━━━━━━━━━━━━━━━╇━━━━━━━━━━━━━━━━━━━━━━━━╇━━━━━━━━━━━━━━━┩
│ input_layer_3 (InputLayer)      │ (None, 150, 6, 3)      │             0 │
├─────────────────────────────────┼────────────────────────┼───────────────┤
│ conv2d_3 (Conv2D)               │ (None, 146, 1, 64)     │         5,824 │
├─────────────────────────────────┼────────────────────────┼───────────────┤
│ lambda_3 (Lambda)               │ (None, 146, 64)        │             0 │
├─────────────────────────────────┼────────────────────────┼───────────────┤
│ lstm (LSTM)                     │ [(None, 146, 64),      │        33,024 │
│                                 │ (None, 64), (None,     │               │
│                                 │ 64)]                   │               │
├─────────────────────────────────┼────────────────────────┼───────────────┤
│ self_attention_3                │ [(None, 1024), (None,  │         2,560 │
│ (SelfAttention)                 │ 16, 146)]              │               │
├─────────────────────────────────┼────────────────────────┼───────────────┤
│ dense_3 (Dense)                 │ (None, 2)              │         2,050 │
└─────────────────────────────────┴────────────────────────┴───────────────┘
 Total params: 43,458 (169.76 KB)
 Trainable params: 43,458 (169.76 KB)
 Non-trainable params: 0 (0.00 B)
******Evaluating TEST set*********
33/33 - 1s - 24ms/step
              precision    recall  f1-score   support

           0       0.92      0.85      0.88       403
           1       0.91      0.95      0.93       635

    accuracy                           0.91      1038
   macro avg       0.91      0.90      0.91      1038
weighted avg       0.91      0.91      0.91      1038

******Evaluating RANDOM Model*********
              precision    recall  f1-score   support

           0       0.38      0.46      0.42       403
           1       0.60      0.52      0.56       635

    accuracy                           0.50      1038
   macro avg       0.49      0.49      0.49      1038
weighted avg       0.52      0.50      0.50      1038

______________________________________________________
fold 4
Model: "functional_4"
┏━━━━━━━━━━━━━━━━━━━━━━━━━━━━━━━━━┳━━━━━━━━━━━━━━━━━━━━━━━━┳━━━━━━━━━━━━━━━┓
┃ Layer (type)                    ┃ Output Shape           ┃       Param # ┃
┡━━━━━━━━━━━━━━━━━━━━━━━━━━━━━━━━━╇━━━━━━━━━━━━━━━━━━━━━━━━╇━━━━━━━━━━━━━━━┩
│ input_layer_4 (InputLayer)      │ (None, 150, 6, 3)      │             0 │
├─────────────────────────────────┼────────────────────────┼───────────────┤
│ conv2d_4 (Conv2D)               │ (None, 146, 1, 64)     │         5,824 │
├─────────────────────────────────┼────────────────────────┼───────────────┤
│ lambda_4 (Lambda)               │ (None, 146, 64)        │             0 │
├─────────────────────────────────┼────────────────────────┼───────────────┤
│ lstm (LSTM)                     │ [(None, 146, 64),      │        33,024 │
│                                 │ (None, 64), (None,     │               │
│                                 │ 64)]                   │               │
├─────────────────────────────────┼────────────────────────┼───────────────┤
│ self_attention_4                │ [(None, 1024), (None,  │         2,560 │
│ (SelfAttention)                 │ 16, 146)]              │               │
├─────────────────────────────────┼────────────────────────┼───────────────┤
│ dense_4 (Dense)                 │ (None, 2)              │         2,050 │
└─────────────────────────────────┴────────────────────────┴───────────────┘
 Total params: 43,458 (169.76 KB)
 Trainable params: 43,458 (169.76 KB)
 Non-trainable params: 0 (0.00 B)
******Evaluating TEST set*********
33/33 - 1s - 25ms/step
              precision    recall  f1-score   support

           0       0.94      0.86      0.90       403
           1       0.92      0.96      0.94       635

    accuracy                           0.92      1038
   macro avg       0.93      0.91      0.92      1038
weighted avg       0.92      0.92      0.92      1038

******Evaluating RANDOM Model*********
              precision    recall  f1-score   support

           0       0.39      0.52      0.44       403
           1       0.61      0.48      0.54       635

    accuracy                           0.50      1038
   macro avg       0.50      0.50      0.49      1038
weighted avg       0.53      0.50      0.50      1038

______________________________________________________
fold 5
Model: "functional_5"
┏━━━━━━━━━━━━━━━━━━━━━━━━━━━━━━━━━┳━━━━━━━━━━━━━━━━━━━━━━━━┳━━━━━━━━━━━━━━━┓
┃ Layer (type)                    ┃ Output Shape           ┃       Param # ┃
┡━━━━━━━━━━━━━━━━━━━━━━━━━━━━━━━━━╇━━━━━━━━━━━━━━━━━━━━━━━━╇━━━━━━━━━━━━━━━┩
│ input_layer_5 (InputLayer)      │ (None, 150, 6, 3)      │             0 │
├─────────────────────────────────┼────────────────────────┼───────────────┤
│ conv2d_5 (Conv2D)               │ (None, 146, 1, 64)     │         5,824 │
├─────────────────────────────────┼────────────────────────┼───────────────┤
│ lambda_5 (Lambda)               │ (None, 146, 64)        │             0 │
├─────────────────────────────────┼────────────────────────┼───────────────┤
│ lstm (LSTM)                     │ [(None, 146, 64),      │        33,024 │
│                                 │ (None, 64), (None,     │               │
│                                 │ 64)]                   │               │
├─────────────────────────────────┼────────────────────────┼───────────────┤
│ self_attention_5                │ [(None, 1024), (None,  │         2,560 │
│ (SelfAttention)                 │ 16, 146)]              │               │
├─────────────────────────────────┼────────────────────────┼───────────────┤
│ dense_5 (Dense)                 │ (None, 2)              │         2,050 │
└─────────────────────────────────┴────────────────────────┴───────────────┘
 Total params: 43,458 (169.76 KB)
 Trainable params: 43,458 (169.76 KB)
 Non-trainable params: 0 (0.00 B)
******Evaluating TEST set*********
33/33 - 1s - 25ms/step
              precision    recall  f1-score   support

           0       0.92      0.82      0.87       403
           1       0.89      0.96      0.92       634

    accuracy                           0.90      1037
   macro avg       0.91      0.89      0.90      1037
weighted avg       0.90      0.90      0.90      1037

******Evaluating RANDOM Model*********
              precision    recall  f1-score   support

           0       0.39      0.51      0.44       403
           1       0.61      0.48      0.54       634

    accuracy                           0.49      1037
   macro avg       0.50      0.50      0.49      1037
weighted avg       0.52      0.49      0.50      1037

______________________________________________________
fold 6
Model: "functional_6"
┏━━━━━━━━━━━━━━━━━━━━━━━━━━━━━━━━━┳━━━━━━━━━━━━━━━━━━━━━━━━┳━━━━━━━━━━━━━━━┓
┃ Layer (type)                    ┃ Output Shape           ┃       Param # ┃
┡━━━━━━━━━━━━━━━━━━━━━━━━━━━━━━━━━╇━━━━━━━━━━━━━━━━━━━━━━━━╇━━━━━━━━━━━━━━━┩
│ input_layer_6 (InputLayer)      │ (None, 150, 6, 3)      │             0 │
├─────────────────────────────────┼────────────────────────┼───────────────┤
│ conv2d_6 (Conv2D)               │ (None, 146, 1, 64)     │         5,824 │
├─────────────────────────────────┼────────────────────────┼───────────────┤
│ lambda_6 (Lambda)               │ (None, 146, 64)        │             0 │
├─────────────────────────────────┼────────────────────────┼───────────────┤
│ lstm (LSTM)                     │ [(None, 146, 64),      │        33,024 │
│                                 │ (None, 64), (None,     │               │
│                                 │ 64)]                   │               │
├─────────────────────────────────┼────────────────────────┼───────────────┤
│ self_attention_6                │ [(None, 1024), (None,  │         2,560 │
│ (SelfAttention)                 │ 16, 146)]              │               │
├─────────────────────────────────┼────────────────────────┼───────────────┤
│ dense_6 (Dense)                 │ (None, 2)              │         2,050 │
└─────────────────────────────────┴────────────────────────┴───────────────┘
 Total params: 43,458 (169.76 KB)
 Trainable params: 43,458 (169.76 KB)
 Non-trainable params: 0 (0.00 B)
******Evaluating TEST set*********
33/33 - 1s - 25ms/step
              precision    recall  f1-score   support

           0       0.89      0.84      0.86       403
           1       0.90      0.93      0.92       634

    accuracy                           0.89      1037
   macro avg       0.89      0.88      0.89      1037
weighted avg       0.89      0.89      0.89      1037

******Evaluating RANDOM Model*********
              precision    recall  f1-score   support

           0       0.39      0.51      0.44       403
           1       0.62      0.50      0.56       634

    accuracy                           0.51      1037
   macro avg       0.51      0.51      0.50      1037
weighted avg       0.53      0.51      0.51      1037

______________________________________________________
fold 7
Model: "functional_7"
┏━━━━━━━━━━━━━━━━━━━━━━━━━━━━━━━━━┳━━━━━━━━━━━━━━━━━━━━━━━━┳━━━━━━━━━━━━━━━┓
┃ Layer (type)                    ┃ Output Shape           ┃       Param # ┃
┡━━━━━━━━━━━━━━━━━━━━━━━━━━━━━━━━━╇━━━━━━━━━━━━━━━━━━━━━━━━╇━━━━━━━━━━━━━━━┩
│ input_layer_7 (InputLayer)      │ (None, 150, 6, 3)      │             0 │
├─────────────────────────────────┼────────────────────────┼───────────────┤
│ conv2d_7 (Conv2D)               │ (None, 146, 1, 64)     │         5,824 │
├─────────────────────────────────┼────────────────────────┼───────────────┤
│ lambda_7 (Lambda)               │ (None, 146, 64)        │             0 │
├─────────────────────────────────┼────────────────────────┼───────────────┤
│ lstm (LSTM)                     │ [(None, 146, 64),      │        33,024 │
│                                 │ (None, 64), (None,     │               │
│                                 │ 64)]                   │               │
├─────────────────────────────────┼────────────────────────┼───────────────┤
│ self_attention_7                │ [(None, 1024), (None,  │         2,560 │
│ (SelfAttention)                 │ 16, 146)]              │               │
├─────────────────────────────────┼────────────────────────┼───────────────┤
│ dense_7 (Dense)                 │ (None, 2)              │         2,050 │
└─────────────────────────────────┴────────────────────────┴───────────────┘
 Total params: 43,458 (169.76 KB)
 Trainable params: 43,458 (169.76 KB)
 Non-trainable params: 0 (0.00 B)
******Evaluating TEST set*********
33/33 - 1s - 25ms/step
              precision    recall  f1-score   support

           0       0.90      0.87      0.88       403
           1       0.92      0.94      0.93       634

    accuracy                           0.91      1037
   macro avg       0.91      0.90      0.91      1037
weighted avg       0.91      0.91      0.91      1037

******Evaluating RANDOM Model*********
              precision    recall  f1-score   support

           0       0.38      0.48      0.42       403
           1       0.61      0.51      0.55       634

    accuracy                           0.50      1037
   macro avg       0.49      0.49      0.49      1037
weighted avg       0.52      0.50      0.50      1037

______________________________________________________
fold 8
Model: "functional_8"
┏━━━━━━━━━━━━━━━━━━━━━━━━━━━━━━━━━┳━━━━━━━━━━━━━━━━━━━━━━━━┳━━━━━━━━━━━━━━━┓
┃ Layer (type)                    ┃ Output Shape           ┃       Param # ┃
┡━━━━━━━━━━━━━━━━━━━━━━━━━━━━━━━━━╇━━━━━━━━━━━━━━━━━━━━━━━━╇━━━━━━━━━━━━━━━┩
│ input_layer_8 (InputLayer)      │ (None, 150, 6, 3)      │             0 │
├─────────────────────────────────┼────────────────────────┼───────────────┤
│ conv2d_8 (Conv2D)               │ (None, 146, 1, 64)     │         5,824 │
├─────────────────────────────────┼────────────────────────┼───────────────┤
│ lambda_8 (Lambda)               │ (None, 146, 64)        │             0 │
├─────────────────────────────────┼────────────────────────┼───────────────┤
│ lstm (LSTM)                     │ [(None, 146, 64),      │        33,024 │
│                                 │ (None, 64), (None,     │               │
│                                 │ 64)]                   │               │
├─────────────────────────────────┼────────────────────────┼───────────────┤
│ self_attention_8                │ [(None, 1024), (None,  │         2,560 │
│ (SelfAttention)                 │ 16, 146)]              │               │
├─────────────────────────────────┼────────────────────────┼───────────────┤
│ dense_8 (Dense)                 │ (None, 2)              │         2,050 │
└─────────────────────────────────┴────────────────────────┴───────────────┘
 Total params: 43,458 (169.76 KB)
 Trainable params: 43,458 (169.76 KB)
 Non-trainable params: 0 (0.00 B)
******Evaluating TEST set*********
33/33 - 1s - 26ms/step
              precision    recall  f1-score   support

           0       0.88      0.83      0.86       403
           1       0.90      0.93      0.91       634

    accuracy                           0.89      1037
   macro avg       0.89      0.88      0.89      1037
weighted avg       0.89      0.89      0.89      1037

******Evaluating RANDOM Model*********
              precision    recall  f1-score   support

           0       0.41      0.55      0.47       403
           1       0.63      0.49      0.55       634

    accuracy                           0.51      1037
   macro avg       0.52      0.52      0.51      1037
weighted avg       0.54      0.51      0.52      1037

______________________________________________________
fold 9
Model: "functional_9"
┏━━━━━━━━━━━━━━━━━━━━━━━━━━━━━━━━━┳━━━━━━━━━━━━━━━━━━━━━━━━┳━━━━━━━━━━━━━━━┓
┃ Layer (type)                    ┃ Output Shape           ┃       Param # ┃
┡━━━━━━━━━━━━━━━━━━━━━━━━━━━━━━━━━╇━━━━━━━━━━━━━━━━━━━━━━━━╇━━━━━━━━━━━━━━━┩
│ input_layer_9 (InputLayer)      │ (None, 150, 6, 3)      │             0 │
├─────────────────────────────────┼────────────────────────┼───────────────┤
│ conv2d_9 (Conv2D)               │ (None, 146, 1, 64)     │         5,824 │
├─────────────────────────────────┼────────────────────────┼───────────────┤
│ lambda_9 (Lambda)               │ (None, 146, 64)        │             0 │
├─────────────────────────────────┼────────────────────────┼───────────────┤
│ lstm (LSTM)                     │ [(None, 146, 64),      │        33,024 │
│                                 │ (None, 64), (None,     │               │
│                                 │ 64)]                   │               │
├─────────────────────────────────┼────────────────────────┼───────────────┤
│ self_attention_9                │ [(None, 1024), (None,  │         2,560 │
│ (SelfAttention)                 │ 16, 146)]              │               │
├─────────────────────────────────┼────────────────────────┼───────────────┤
│ dense_9 (Dense)                 │ (None, 2)              │         2,050 │
└─────────────────────────────────┴────────────────────────┴───────────────┘
 Total params: 43,458 (169.76 KB)
 Trainable params: 43,458 (169.76 KB)
 Non-trainable params: 0 (0.00 B)
******Evaluating TEST set*********
33/33 - 1s - 26ms/step
              precision    recall  f1-score   support

           0       0.92      0.80      0.86       403
           1       0.88      0.96      0.92       634

    accuracy                           0.90      1037
   macro avg       0.90      0.88      0.89      1037
weighted avg       0.90      0.90      0.90      1037

******Evaluating RANDOM Model*********
              precision    recall  f1-score   support

           0       0.37      0.45      0.41       403
           1       0.60      0.52      0.56       634

    accuracy                           0.49      1037
   macro avg       0.49      0.49      0.48      1037
weighted avg       0.51      0.49      0.50      1037

______________________________________________________
Model: "functional_9"
┏━━━━━━━━━━━━━━━━━━━━━━━━━━━━━━━━━┳━━━━━━━━━━━━━━━━━━━━━━━━┳━━━━━━━━━━━━━━━┓
┃ Layer (type)                    ┃ Output Shape           ┃       Param # ┃
┡━━━━━━━━━━━━━━━━━━━━━━━━━━━━━━━━━╇━━━━━━━━━━━━━━━━━━━━━━━━╇━━━━━━━━━━━━━━━┩
│ input_layer_9 (InputLayer)      │ (None, 150, 6, 3)      │             0 │
├─────────────────────────────────┼────────────────────────┼───────────────┤
│ conv2d_9 (Conv2D)               │ (None, 146, 1, 64)     │         5,824 │
├─────────────────────────────────┼────────────────────────┼───────────────┤
│ lambda_9 (Lambda)               │ (None, 146, 64)        │             0 │
├─────────────────────────────────┼────────────────────────┼───────────────┤
│ lstm (LSTM)                     │ [(None, 146, 64),      │        33,024 │
│                                 │ (None, 64), (None,     │               │
│                                 │ 64)]                   │               │
├─────────────────────────────────┼────────────────────────┼───────────────┤
│ self_attention_9                │ [(None, 1024), (None,  │         2,560 │
│ (SelfAttention)                 │ 16, 146)]              │               │
├─────────────────────────────────┼────────────────────────┼───────────────┤
│ dense_9 (Dense)                 │ (None, 2)              │         2,050 │
└─────────────────────────────────┴────────────────────────┴───────────────┘
 Total params: 130,376 (509.29 KB)
 Trainable params: 43,458 (169.76 KB)
 Non-trainable params: 0 (0.00 B)
 Optimizer params: 86,918 (339.53 KB)
None
Mean  AUROC[0.8917] IC [0.8841, 0.8992]
Mean Accuracy[0.9037] IC [0.8970, 0.9104]
Mean Recall[0.8917] IC [0.8841, 0.8992]
Mean F1[0.8971] IC [0.8898, 0.9043]
Median  AUROC[0.8935]
Median Accuracy[0.9060]
Median Recall[0.8935]
Median F1[0.8994]
